Archive member included to satisfy reference by file (symbol)

c:/program files (x86)/embitz/1.11/share/em_armgcc/bin/../lib/gcc/arm-none-eabi/5.4.1/../../../../arm-none-eabi/lib/armv7e-m\libg_n.a(lib_a-exit.o)
                              c:/program files (x86)/embitz/1.11/share/em_armgcc/bin/../lib/gcc/arm-none-eabi/5.4.1/../../../../arm-none-eabi/lib/armv7e-m/crt0.o (exit)
c:/program files (x86)/embitz/1.11/share/em_armgcc/bin/../lib/gcc/arm-none-eabi/5.4.1/../../../../arm-none-eabi/lib/armv7e-m\libg_n.a(lib_a-impure.o)
                              c:/program files (x86)/embitz/1.11/share/em_armgcc/bin/../lib/gcc/arm-none-eabi/5.4.1/../../../../arm-none-eabi/lib/armv7e-m\libg_n.a(lib_a-exit.o) (_global_impure_ptr)
c:/program files (x86)/embitz/1.11/share/em_armgcc/bin/../lib/gcc/arm-none-eabi/5.4.1/../../../../arm-none-eabi/lib/armv7e-m\libg_n.a(lib_a-init.o)
                              c:/program files (x86)/embitz/1.11/share/em_armgcc/bin/../lib/gcc/arm-none-eabi/5.4.1/../../../../arm-none-eabi/lib/armv7e-m/crt0.o (__libc_init_array)
c:/program files (x86)/embitz/1.11/share/em_armgcc/bin/../lib/gcc/arm-none-eabi/5.4.1/../../../../arm-none-eabi/lib/armv7e-m\libg_n.a(lib_a-memset.o)
                              c:/program files (x86)/embitz/1.11/share/em_armgcc/bin/../lib/gcc/arm-none-eabi/5.4.1/../../../../arm-none-eabi/lib/armv7e-m/crt0.o (memset)
c:/program files (x86)/embitz/1.11/share/em_armgcc/bin/../lib/gcc/arm-none-eabi/5.4.1/../../../../arm-none-eabi/lib/armv7e-m\libg_n.a(lib_a-printf.o)
                              obj\debug\src\api\ansi.o (printf)
c:/program files (x86)/embitz/1.11/share/em_armgcc/bin/../lib/gcc/arm-none-eabi/5.4.1/../../../../arm-none-eabi/lib/armv7e-m\libg_n.a(lib_a-putchar.o)
                              obj\debug\src\ap\main.o (putchar)
c:/program files (x86)/embitz/1.11/share/em_armgcc/bin/../lib/gcc/arm-none-eabi/5.4.1/../../../../arm-none-eabi/lib/armv7e-m\libg_n.a(lib_a-rand.o)
                              obj\debug\src\api\game.o (rand)
c:/program files (x86)/embitz/1.11/share/em_armgcc/bin/../lib/gcc/arm-none-eabi/5.4.1/../../../../arm-none-eabi/lib/armv7e-m\libg_n.a(lib_a-setbuf.o)
                              obj\debug\src\api\30010_io.o (setbuf)
c:/program files (x86)/embitz/1.11/share/em_armgcc/bin/../lib/gcc/arm-none-eabi/5.4.1/../../../../arm-none-eabi/lib/armv7e-m\libg_n.a(lib_a-setvbuf.o)
                              c:/program files (x86)/embitz/1.11/share/em_armgcc/bin/../lib/gcc/arm-none-eabi/5.4.1/../../../../arm-none-eabi/lib/armv7e-m\libg_n.a(lib_a-setbuf.o) (setvbuf)
c:/program files (x86)/embitz/1.11/share/em_armgcc/bin/../lib/gcc/arm-none-eabi/5.4.1/../../../../arm-none-eabi/lib/armv7e-m\libg_n.a(lib_a-sprintf.o)
                              obj\debug\src\ap\main.o (sprintf)
c:/program files (x86)/embitz/1.11/share/em_armgcc/bin/../lib/gcc/arm-none-eabi/5.4.1/../../../../arm-none-eabi/lib/armv7e-m\libg_n.a(lib_a-strlen.o)
                              obj\debug\src\api\ansi.o (strlen)
c:/program files (x86)/embitz/1.11/share/em_armgcc/bin/../lib/gcc/arm-none-eabi/5.4.1/../../../../arm-none-eabi/lib/armv7e-m\libg_n.a(lib_a-wbuf.o)
                              obj\debug\src\api\ansi.o (__swbuf_r)
c:/program files (x86)/embitz/1.11/share/em_armgcc/bin/../lib/gcc/arm-none-eabi/5.4.1/../../../../arm-none-eabi/lib/armv7e-m\libg_n.a(lib_a-wsetup.o)
                              c:/program files (x86)/embitz/1.11/share/em_armgcc/bin/../lib/gcc/arm-none-eabi/5.4.1/../../../../arm-none-eabi/lib/armv7e-m\libg_n.a(lib_a-wbuf.o) (__swsetup_r)
c:/program files (x86)/embitz/1.11/share/em_armgcc/bin/../lib/gcc/arm-none-eabi/5.4.1/../../../../arm-none-eabi/lib/armv7e-m\libg_n.a(lib_a-fflush.o)
                              c:/program files (x86)/embitz/1.11/share/em_armgcc/bin/../lib/gcc/arm-none-eabi/5.4.1/../../../../arm-none-eabi/lib/armv7e-m\libg_n.a(lib_a-setvbuf.o) (_fflush_r)
c:/program files (x86)/embitz/1.11/share/em_armgcc/bin/../lib/gcc/arm-none-eabi/5.4.1/../../../../arm-none-eabi/lib/armv7e-m\libg_n.a(lib_a-findfp.o)
                              c:/program files (x86)/embitz/1.11/share/em_armgcc/bin/../lib/gcc/arm-none-eabi/5.4.1/../../../../arm-none-eabi/lib/armv7e-m\libg_n.a(lib_a-printf.o) (__sinit)
c:/program files (x86)/embitz/1.11/share/em_armgcc/bin/../lib/gcc/arm-none-eabi/5.4.1/../../../../arm-none-eabi/lib/armv7e-m\libg_n.a(lib_a-fwalk.o)
                              c:/program files (x86)/embitz/1.11/share/em_armgcc/bin/../lib/gcc/arm-none-eabi/5.4.1/../../../../arm-none-eabi/lib/armv7e-m\libg_n.a(lib_a-findfp.o) (_fwalk)
c:/program files (x86)/embitz/1.11/share/em_armgcc/bin/../lib/gcc/arm-none-eabi/5.4.1/../../../../arm-none-eabi/lib/armv7e-m\libg_n.a(lib_a-makebuf.o)
                              c:/program files (x86)/embitz/1.11/share/em_armgcc/bin/../lib/gcc/arm-none-eabi/5.4.1/../../../../arm-none-eabi/lib/armv7e-m\libg_n.a(lib_a-setvbuf.o) (__swhatbuf_r)
[...]
Memory Configuration

Name             Origin             Length             Attributes
ROM              0x08000000         0x00010000         xr
RAM              0x20000000         0x00004000         xrw
*default*        0x00000000         0xffffffff

Linker script and memory map

LOAD c:/program files (x86)/embitz/1.11/share/em_armgcc/bin/../lib/gcc/arm-none-eabi/5.4.1/armv7e-m/crti.o
LOAD c:/program files (x86)/embitz/1.11/share/em_armgcc/bin/../lib/gcc/arm-none-eabi/5.4.1/armv7e-m/crtbegin.o
LOAD c:/program files (x86)/embitz/1.11/share/em_armgcc/bin/../lib/gcc/arm-none-eabi/5.4.1/../../../../arm-none-eabi/lib/armv7e-m/crt0.o
                0x00000000                __HEAP_SIZE = 0x0
                0x00000100                __STACK_SIZE = 0x100

.text           0x08000000     0x3a80
 *(.isr_vector)
 .isr_vector    0x08000000      0x188 obj\debug\src\startup_stm32f30x.o
                0x08000000                __isr_vector
 *(.text*)
 .text          0x08000188       0x5c c:/program files (x86)/embitz/1.11/share/em_armgcc/bin/../lib/gcc/arm-none-eabi/5.4.1/armv7e-m/crtbegin.o
 .text          0x080001e4       0x74 c:/program files (x86)/embitz/1.11/share/em_armgcc/bin/../lib/gcc/arm-none-eabi/5.4.1/../../../../arm-none-eabi/lib/armv7e-m/crt0.o
                0x080001e4                _start
                0x080001e4                _mainCRTStartup
 .text.ADC_RegularChannelConfig
                0x08000258      0x1f0 obj\debug\spl\src\stm32f30x_adc.o
                0x08000258                ADC_RegularChannelConfig
 .text.ADC_StartConversion
                0x08000448       0x20 obj\debug\spl\src\stm32f30x_adc.o
                0x08000448                ADC_StartConversion
 .text.ADC_GetConversionValue
                0x08000468       0x18 obj\debug\spl\src\stm32f30x_adc.o
                0x08000468                ADC_GetConversionValue
 .text.ADC_GetFlagStatus
                0x08000480       0x30 obj\debug\spl\src\stm32f30x_adc.o
                0x08000480                ADC_GetFlagStatus
 .text.RCC_GetClocksFreq
                0x080004b0      0x414 obj\debug\spl\src\stm32f30x_rcc.o
                0x080004b0                RCC_GetClocksFreq
 .text.SPI_SendData8
                0x080008c4       0x2c obj\debug\spl\src\stm32f30x_spi.o
                0x080008c4                SPI_SendData8
 .text.SPI_I2S_GetFlagStatus
                0x080008f0       0x38 obj\debug\spl\src\stm32f30x_spi.o
                0x080008f0                SPI_I2S_GetFlagStatus
 .text.USART_SendData
                0x08000928       0x24 obj\debug\spl\src\stm32f30x_usart.o
                0x08000928                USART_SendData
 .text.USART_GetFlagStatus
                0x0800094c       0x30 obj\debug\spl\src\stm32f30x_usart.o
                0x0800094c                USART_GetFlagStatus
 .text.NVIC_EnableIRQ
                0x0800097c       0x30 obj\debug\src\ap\main.o
 .text.NVIC_SetPriority
                0x080009ac       0x54 obj\debug\src\ap\main.o
 .text.initTime
                0x08000a00       0x30 obj\debug\src\ap\main.o
                0x08000a00                initTime
 .text.incrementTime
                0x08000a30       0x64 obj\debug\src\ap\main.o
                0x08000a30                incrementTime
 .text.TIM2_IRQHandler
                0x08000a94       0x24 obj\debug\src\ap\main.o
                0x08000a94                TIM2_IRQHandler
 .text.initInterrupt
                0x08000ab8       0x54 obj\debug\src\ap\main.o
                0x08000ab8                initInterrupt
 .text.main     0x08000b0c      0x320 obj\debug\src\ap\main.o
                0x08000b0c                main
 .text.uart_putc
                0x08000e2c       0x34 obj\debug\src\api\30010_io.o
                0x08000e2c                uart_putc
 .text._write_r
                0x08000e60       0x4c obj\debug\src\api\30010_io.o
                0x08000e60                _write_r
 .text.init_usb_uart
                0x08000eac      0x220 obj\debug\src\api\30010_io.o
                0x08000eac                init_usb_uart
 .text.lcd_transmit_byte
                0x080010cc       0x64 obj\debug\src\api\30010_io.o
                0x080010cc                lcd_transmit_byte
 .text.lcd_push_buffer
                0x08001130      0x184 obj\debug\src\api\30010_io.o
                0x08001130                lcd_push_buffer
 .text.lcd_reset
                0x080012b4       0xe0 obj\debug\src\api\30010_io.o
                0x080012b4                lcd_reset
 .text.init_spi_lcd
                0x08001394      0x2b8 obj\debug\src\api\30010_io.o
                0x08001394                init_spi_lcd
 .text.clrscr   0x0800164c       0x28 obj\debug\src\api\ansi.o
                0x0800164c                clrscr
 .text.gotoXY   0x08001674       0x2c obj\debug\src\api\ansi.o
                0x08001674                gotoXY
 .text.__sputc_r
                0x080016a0       0x5c obj\debug\src\api\game.o
 .text.initGameArray
                0x080016fc      0x24c obj\debug\src\api\game.o
                0x080016fc                initGameArray
 .text.initBall
                0x08001948       0x40 obj\debug\src\api\game.o
                0x08001948                initBall
 .text.updateBall
                0x08001988       0x4c obj\debug\src\api\game.o
                0x08001988                updateBall
 .text.drawBall
                0x080019d4       0x68 obj\debug\src\api\game.o
                0x080019d4                drawBall
 .text.updateStriker
                0x08001a3c       0xb4 obj\debug\src\api\game.o
                0x08001a3c                updateStriker
 .text.initVector
                0x08001af0       0x28 obj\debug\src\api\vectortrig.o
                0x08001af0                initVector
 .text.initGPIO
                0x08001b18       0x38 obj\debug\src\hal\gpio.o
                0x08001b18                initGPIO
 .text.initJoystick
                0x08001b50       0x6c obj\debug\src\hal\gpio.o
                0x08001b50                initJoystick
 .text.initLED  0x08001bbc      0x10c obj\debug\src\hal\gpio.o
                0x08001bbc                initLED
 .text.initAnalog
                0x08001cc8      0x138 obj\debug\src\hal\gpio.o
                0x08001cc8                initAnalog
 .text.readAnalog
                0x08001e00       0x6c obj\debug\src\hal\gpio.o
                0x08001e00                readAnalog
 .text.initLCD  0x08001e6c        0xc obj\debug\src\hal\lcd.o
                0x08001e6c                initLCD
 .text.LCDWrite
                0x08001e78       0x90 obj\debug\src\hal\lcd.o
                0x08001e78                LCDWrite
 .text.CollectGraph
                0x08001f08       0x58 obj\debug\src\hal\lcd.o
                0x08001f08                CollectGraph
 .text.ClearLineData
                0x08001f60       0x48 obj\debug\src\hal\lcd.o
                0x08001f60                ClearLineData
 .text.lcd_update
                0x08001fa8       0x20 obj\debug\src\hal\lcd.o
                0x08001fa8                lcd_update
 .text.SystemInit
                0x08001fc8       0x84 obj\debug\src\hal\system_stm32f30x.o
                0x08001fc8                SystemInit
 .text.SetSysClock
                0x0800204c       0x90 obj\debug\src\hal\system_stm32f30x.o
 .text          0x080020dc       0xe4 obj\debug\src\startup_stm32f30x.o
                0x080020dc                Reset_Handler
                0x08002122                NMI_Handler
                0x08002124                HardFault_Handler
                0x08002126                MemManage_Handler
                0x08002128                BusFault_Handler
                0x0800212a                UsageFault_Handler
                0x0800212c                SVC_Handler
                0x0800212e                DebugMon_Handler
                0x08002130                PendSV_Handler
                0x08002132                SysTick_Handler
                0x08002134                WWDG_IRQHandler
                0x08002136                PVD_IRQHandler
                0x08002138                TAMPER_STAMP_IRQHandler
                0x0800213a                RTC_WKUP_IRQHandler
                0x0800213c                FLASH_IRQHandler
                0x0800213e                RCC_IRQHandler
                0x08002140                EXTI0_IRQHandler
                0x08002142                EXTI1_IRQHandler
                0x08002144                EXTI2_TS_IRQHandler
                0x08002146                EXTI3_IRQHandler
                0x08002148                EXTI4_IRQHandler
                0x0800214a                DMA1_Channel1_IRQHandler
                0x0800214c                DMA1_Channel2_IRQHandler
                0x0800214e                DMA1_Channel3_IRQHandler
                0x08002150                DMA1_Channel4_IRQHandler
                0x08002152                DMA1_Channel5_IRQHandler
                0x08002154                DMA1_Channel6_IRQHandler
                0x08002156                DMA1_Channel7_IRQHandler
                0x08002158                ADC1_2_IRQHandler
                0x0800215a                USB_HP_CAN1_TX_IRQHandler
                0x0800215c                USB_LP_CAN1_RX0_IRQHandler
                0x0800215e                CAN1_RX1_IRQHandler
                0x08002160                CAN1_SCE_IRQHandler
                0x08002162                EXTI9_5_IRQHandler
                0x08002164                TIM1_BRK_TIM15_IRQHandler
                0x08002166                TIM1_UP_TIM16_IRQHandler
                0x08002168                TIM1_TRG_COM_TIM17_IRQHandler
                0x0800216a                TIM1_CC_IRQHandler
                0x0800216e                TIM3_IRQHandler
                0x08002170                TIM4_IRQHandler
                0x08002172                I2C1_EV_IRQHandler
                0x08002174                I2C1_ER_IRQHandler
                0x08002176                I2C2_EV_IRQHandler
                0x08002178                I2C2_ER_IRQHandler
                0x0800217a                SPI1_IRQHandler
                0x0800217c                SPI2_IRQHandler
                0x0800217e                USART1_IRQHandler
                0x08002180                USART2_IRQHandler
                0x08002182                USART3_IRQHandler
                0x08002184                EXTI15_10_IRQHandler
                0x08002186                RTC_Alarm_IRQHandler
                0x08002188                USBWakeUp_IRQHandler
                0x0800218a                TIM8_BRK_IRQHandler
                0x0800218c                TIM8_UP_IRQHandler
                0x0800218e                TIM8_TRG_COM_IRQHandler
                0x08002190                TIM8_CC_IRQHandler
                0x08002192                ADC3_IRQHandler
                0x08002194                SPI3_IRQHandler
                0x08002196                UART4_IRQHandler
                0x08002198                UART5_IRQHandler
                0x0800219a                TIM6_DAC_IRQHandler
                0x0800219c                TIM7_IRQHandler
                0x0800219e                DMA2_Channel1_IRQHandler
                0x080021a0                DMA2_Channel2_IRQHandler
                0x080021a2                DMA2_Channel3_IRQHandler
                0x080021a4                DMA2_Channel4_IRQHandler
                0x080021a6                DMA2_Channel5_IRQHandler
                0x080021a8                ADC4_IRQHandler
                0x080021aa                COMP1_2_3_IRQHandler
                0x080021ac                COMP4_5_6_IRQHandler
                0x080021ae                COMP7_IRQHandler
                0x080021b0                USB_HP_IRQHandler
                0x080021b2                USB_LP_IRQHandler
                0x080021b4                USBWakeUp_RMP_IRQHandler
                0x080021b6                FPU_IRQHandler
 .text.exit     0x080021c0       0x28 c:/program files (x86)/embitz/1.11/share/em_armgcc/bin/../lib/gcc/arm-none-eabi/5.4.1/../../../../arm-none-eabi/lib/armv7e-m\libg_n.a(lib_a-exit.o)
                0x080021c0                exit
 .text.__libc_init_array
                0x080021e8       0x4c c:/program files (x86)/embitz/1.11/share/em_armgcc/bin/../lib/gcc/arm-none-eabi/5.4.1/../../../../arm-none-eabi/lib/armv7e-m\libg_n.a(lib_a-init.o)
                0x080021e8                __libc_init_array
 .text.memset   0x08002234       0x10 c:/program files (x86)/embitz/1.11/share/em_armgcc/bin/../lib/gcc/arm-none-eabi/5.4.1/../../../../arm-none-eabi/lib/armv7e-m\libg_n.a(lib_a-memset.o)
                0x08002234                memset
 .text.printf   0x08002244       0x30 c:/program files (x86)/embitz/1.11/share/em_armgcc/bin/../lib/gcc/arm-none-eabi/5.4.1/../../../../arm-none-eabi/lib/armv7e-m\libg_n.a(lib_a-printf.o)
                0x08002244                iprintf
                0x08002244                printf
 .text.putchar  0x08002274       0x28 c:/program files (x86)/embitz/1.11/share/em_armgcc/bin/../lib/gcc/arm-none-eabi/5.4.1/../../../../arm-none-eabi/lib/armv7e-m\libg_n.a(lib_a-putchar.o)
                0x08002274                putchar
 .text.rand     0x0800229c       0x74 c:/program files (x86)/embitz/1.11/share/em_armgcc/bin/../lib/gcc/arm-none-eabi/5.4.1/../../../../arm-none-eabi/lib/armv7e-m\libg_n.a(lib_a-rand.o)
                0x0800229c                rand
 .text.setbuf   0x08002310       0x10 c:/program files (x86)/embitz/1.11/share/em_armgcc/bin/../lib/gcc/arm-none-eabi/5.4.1/../../../../arm-none-eabi/lib/armv7e-m\libg_n.a(lib_a-setbuf.o)
                0x08002310                setbuf
 .text.setvbuf  0x08002320      0x154 c:/program files (x86)/embitz/1.11/share/em_armgcc/bin/../lib/gcc/arm-none-eabi/5.4.1/../../../../arm-none-eabi/lib/armv7e-m\libg_n.a(lib_a-setvbuf.o)
                0x08002320                setvbuf
 .text.sprintf  0x08002474       0x48 c:/program files (x86)/embitz/1.11/share/em_armgcc/bin/../lib/gcc/arm-none-eabi/5.4.1/../../../../arm-none-eabi/lib/armv7e-m\libg_n.a(lib_a-sprintf.o)
                0x08002474                siprintf
                0x08002474                sprintf
 .text          0x080024bc       0x10 c:/program files (x86)/embitz/1.11/share/em_armgcc/bin/../lib/gcc/arm-none-eabi/5.4.1/../../../../arm-none-eabi/lib/armv7e-m\libg_n.a(lib_a-strlen.o)
                0x080024bc                strlen
 .text.__swbuf_r
                0x080024cc       0xa8 c:/program files (x86)/embitz/1.11/share/em_armgcc/bin/../lib/gcc/arm-none-eabi/5.4.1/../../../../arm-none-eabi/lib/armv7e-m\libg_n.a(lib_a-wbuf.o)
                0x080024cc                __swbuf_r
 .text.__swsetup_r
                0x08002574       0xdc c:/program files (x86)/embitz/1.11/share/em_armgcc/bin/../lib/gcc/arm-none-eabi/5.4.1/../../../../arm-none-eabi/lib/armv7e-m\libg_n.a(lib_a-wsetup.o)
                0x08002574                __swsetup_r
 .text.__sflush_r
                0x08002650      0x110 c:/program files (x86)/embitz/1.11/share/em_armgcc/bin/../lib/gcc/arm-none-eabi/5.4.1/../../../../arm-none-eabi/lib/armv7e-m\libg_n.a(lib_a-fflush.o)
                0x08002650                __sflush_r
 .text._fflush_r
                0x08002760       0x54 c:/program files (x86)/embitz/1.11/share/em_armgcc/bin/../lib/gcc/arm-none-eabi/5.4.1/../../../../arm-none-eabi/lib/armv7e-m\libg_n.a(lib_a-fflush.o)
                0x08002760                _fflush_r
 .text._cleanup_r
                0x080027b4        0xc c:/program files (x86)/embitz/1.11/share/em_armgcc/bin/../lib/gcc/arm-none-eabi/5.4.1/../../../../arm-none-eabi/lib/armv7e-m\libg_n.a(lib_a-findfp.o)
                0x080027b4                _cleanup_r
 .text.std.isra.0
                0x080027c0       0x48 c:/program files (x86)/embitz/1.11/share/em_armgcc/bin/../lib/gcc/arm-none-eabi/5.4.1/../../../../arm-none-eabi/lib/armv7e-m\libg_n.a(lib_a-findfp.o)
 .text.__sfmoreglue
                0x08002808       0x2c c:/program files (x86)/embitz/1.11/share/em_armgcc/bin/../lib/gcc/arm-none-eabi/5.4.1/../../../../arm-none-eabi/lib/armv7e-m\libg_n.a(lib_a-findfp.o)
                0x08002808                __sfmoreglue
 .text.__sinit  0x08002834       0x60 c:/program files (x86)/embitz/1.11/share/em_armgcc/bin/../lib/gcc/arm-none-eabi/5.4.1/../../../../arm-none-eabi/lib/armv7e-m\libg_n.a(lib_a-findfp.o)
                0x08002834                __sinit
 .text.__sfp    0x08002894       0x78 c:/program files (x86)/embitz/1.11/share/em_armgcc/bin/../lib/gcc/arm-none-eabi/5.4.1/../../../../arm-none-eabi/lib/armv7e-m\libg_n.a(lib_a-findfp.o)
                0x08002894                __sfp
 .text._fwalk_reent
                0x0800290c       0x3c c:/program files (x86)/embitz/1.11/share/em_armgcc/bin/../lib/gcc/arm-none-eabi/5.4.1/../../../../arm-none-eabi/lib/armv7e-m\libg_n.a(lib_a-fwalk.o)
                0x0800290c                _fwalk_reent
 .text.__swhatbuf_r
                0x08002948       0x46 c:/program files (x86)/embitz/1.11/share/em_armgcc/bin/../lib/gcc/arm-none-eabi/5.4.1/../../../../arm-none-eabi/lib/armv7e-m\libg_n.a(lib_a-makebuf.o)
                0x08002948                __swhatbuf_r
 *fill*         0x0800298e        0x2 
 .text.__smakebuf_r
                0x08002990       0x78 c:/program files (x86)/embitz/1.11/share/em_armgcc/bin/../lib/gcc/arm-none-eabi/5.4.1/../../../../arm-none-eabi/lib/armv7e-m\libg_n.a(lib_a-makebuf.o)
                0x08002990                __smakebuf_r
 .text.malloc   0x08002a08       0x10 c:/program files (x86)/embitz/1.11/share/em_armgcc/bin/../lib/gcc/arm-none-eabi/5.4.1/../../../../arm-none-eabi/lib/armv7e-m\libg_n.a(lib_a-malloc.o)
                0x08002a08                malloc
 .text._free_r  0x08002a18       0x9c c:/program files (x86)/embitz/1.11/share/em_armgcc/bin/../lib/gcc/arm-none-eabi/5.4.1/../../../../arm-none-eabi/lib/armv7e-m\libg_n.a(lib_a-nano-freer.o)
                0x08002a18                _free_r
 .text._malloc_r
                0x08002ab4       0xbc c:/program files (x86)/embitz/1.11/share/em_armgcc/bin/../lib/gcc/arm-none-eabi/5.4.1/../../../../arm-none-eabi/lib/armv7e-m\libg_n.a(lib_a-nano-mallocr.o)
                0x08002ab4                _malloc_r
 .text.__ssputs_r
                0x08002b70       0xb2 c:/program files (x86)/embitz/1.11/share/em_armgcc/bin/../lib/gcc/arm-none-eabi/5.4.1/../../../../arm-none-eabi/lib/armv7e-m\libg_n.a(lib_a-nano-svfprintf.o)
                0x08002b70                __ssputs_r
 *fill*         0x08002c22        0x2 
 .text._svfprintf_r
                0x08002c24      0x1e8 c:/program files (x86)/embitz/1.11/share/em_armgcc/bin/../lib/gcc/arm-none-eabi/5.4.1/../../../../arm-none-eabi/lib/armv7e-m\libg_n.a(lib_a-nano-svfprintf.o)
                0x08002c24                _svfiprintf_r
                0x08002c24                _svfprintf_r
 .text.__sfputc_r
                0x08002e0c       0x2c c:/program files (x86)/embitz/1.11/share/em_armgcc/bin/../lib/gcc/arm-none-eabi/5.4.1/../../../../arm-none-eabi/lib/armv7e-m\libg_n.a(lib_a-nano-vfprintf.o)
 .text.__sfputs_r
                0x08002e38       0x24 c:/program files (x86)/embitz/1.11/share/em_armgcc/bin/../lib/gcc/arm-none-eabi/5.4.1/../../../../arm-none-eabi/lib/armv7e-m\libg_n.a(lib_a-nano-vfprintf.o)
                0x08002e38                __sfputs_r
 .text._vfprintf_r
                0x08002e5c      0x238 c:/program files (x86)/embitz/1.11/share/em_armgcc/bin/../lib/gcc/arm-none-eabi/5.4.1/../../../../arm-none-eabi/lib/armv7e-m\libg_n.a(lib_a-nano-vfprintf.o)
                0x08002e5c                _vfprintf_r
                0x08002e5c                _vfiprintf_r
 .text._printf_common
                0x08003094       0xec c:/program files (x86)/embitz/1.11/share/em_armgcc/bin/../lib/gcc/arm-none-eabi/5.4.1/../../../../arm-none-eabi/lib/armv7e-m\libg_n.a(lib_a-nano-vfprintf_i.o)
                0x08003094                _printf_common
 .text._printf_i
                0x08003180      0x24c c:/program files (x86)/embitz/1.11/share/em_armgcc/bin/../lib/gcc/arm-none-eabi/5.4.1/../../../../arm-none-eabi/lib/armv7e-m\libg_n.a(lib_a-nano-vfprintf_i.o)
                0x08003180                _printf_i
 .text._putc_r  0x080033cc       0x6c c:/program files (x86)/embitz/1.11/share/em_armgcc/bin/../lib/gcc/arm-none-eabi/5.4.1/../../../../arm-none-eabi/lib/armv7e-m\libg_n.a(lib_a-putc.o)
                0x080033cc                _putc_r
 .text._sbrk_r  0x08003438       0x20 c:/program files (x86)/embitz/1.11/share/em_armgcc/bin/../lib/gcc/arm-none-eabi/5.4.1/../../../../arm-none-eabi/lib/armv7e-m\libg_n.a(lib_a-sbrkr.o)
                0x08003438                _sbrk_r
 .text.__sread  0x08003458       0x22 c:/program files (x86)/embitz/1.11/share/em_armgcc/bin/../lib/gcc/arm-none-eabi/5.4.1/../../../../arm-none-eabi/lib/armv7e-m\libg_n.a(lib_a-stdio.o)
                0x08003458                __sread
 .text.__swrite
                0x0800347a       0x38 c:/program files (x86)/embitz/1.11/share/em_armgcc/bin/../lib/gcc/arm-none-eabi/5.4.1/../../../../arm-none-eabi/lib/armv7e-m\libg_n.a(lib_a-stdio.o)
                0x0800347a                __swrite
 .text.__sseek  0x080034b2       0x24 c:/program files (x86)/embitz/1.11/share/em_armgcc/bin/../lib/gcc/arm-none-eabi/5.4.1/../../../../arm-none-eabi/lib/armv7e-m\libg_n.a(lib_a-stdio.o)
                0x080034b2                __sseek
 .text.__sclose
                0x080034d6        0x8 c:/program files (x86)/embitz/1.11/share/em_armgcc/bin/../lib/gcc/arm-none-eabi/5.4.1/../../../../arm-none-eabi/lib/armv7e-m\libg_n.a(lib_a-stdio.o)
                0x080034d6                __sclose
 *fill*         0x080034de        0x2 
 .text._close_r
                0x080034e0       0x20 c:/program files (x86)/embitz/1.11/share/em_armgcc/bin/../lib/gcc/arm-none-eabi/5.4.1/../../../../arm-none-eabi/lib/armv7e-m\libg_n.a(lib_a-closer.o)
                0x080034e0                _close_r
 .text._fstat_r
                0x08003500       0x24 c:/program files (x86)/embitz/1.11/share/em_armgcc/bin/../lib/gcc/arm-none-eabi/5.4.1/../../../../arm-none-eabi/lib/armv7e-m\libg_n.a(lib_a-fstatr.o)
                0x08003500                _fstat_r
 .text._isatty_r
                0x08003524       0x20 c:/program files (x86)/embitz/1.11/share/em_armgcc/bin/../lib/gcc/arm-none-eabi/5.4.1/../../../../arm-none-eabi/lib/armv7e-m\libg_n.a(lib_a-isattyr.o)
                0x08003524                _isatty_r
 .text._lseek_r
                0x08003544       0x24 c:/program files (x86)/embitz/1.11/share/em_armgcc/bin/../lib/gcc/arm-none-eabi/5.4.1/../../../../arm-none-eabi/lib/armv7e-m\libg_n.a(lib_a-lseekr.o)
                0x08003544                _lseek_r
 *fill*         0x08003568        0x8 
 .text          0x08003570       0xa0 c:/program files (x86)/embitz/1.11/share/em_armgcc/bin/../lib/gcc/arm-none-eabi/5.4.1/../../../../arm-none-eabi/lib/armv7e-m\libg_n.a(lib_a-memchr.o)
                0x08003570                memchr
 .text.memcpy   0x08003610       0x16 c:/program files (x86)/embitz/1.11/share/em_armgcc/bin/../lib/gcc/arm-none-eabi/5.4.1/../../../../arm-none-eabi/lib/armv7e-m\libg_n.a(lib_a-memcpy-stub.o)
                0x08003610                memcpy
 .text.memmove  0x08003626       0x36 c:/program files (x86)/embitz/1.11/share/em_armgcc/bin/../lib/gcc/arm-none-eabi/5.4.1/../../../../arm-none-eabi/lib/armv7e-m\libg_n.a(lib_a-memmove.o)
                0x08003626                memmove
 .text.__malloc_lock
                0x0800365c        0x2 c:/program files (x86)/embitz/1.11/share/em_armgcc/bin/../lib/gcc/arm-none-eabi/5.4.1/../../../../arm-none-eabi/lib/armv7e-m\libg_n.a(lib_a-mlock.o)
                0x0800365c                __malloc_lock
 .text.__malloc_unlock
                0x0800365e        0x2 c:/program files (x86)/embitz/1.11/share/em_armgcc/bin/../lib/gcc/arm-none-eabi/5.4.1/../../../../arm-none-eabi/lib/armv7e-m\libg_n.a(lib_a-mlock.o)
                0x0800365e                __malloc_unlock
 .text._realloc_r
                0x08003660       0x4c c:/program files (x86)/embitz/1.11/share/em_armgcc/bin/../lib/gcc/arm-none-eabi/5.4.1/../../../../arm-none-eabi/lib/armv7e-m\libg_n.a(lib_a-nano-reallocr.o)
                0x08003660                _realloc_r
 .text._read_r  0x080036ac       0x24 c:/program files (x86)/embitz/1.11/share/em_armgcc/bin/../lib/gcc/arm-none-eabi/5.4.1/../../../../arm-none-eabi/lib/armv7e-m\libg_n.a(lib_a-readr.o)
                0x080036ac                _read_r
 .text._malloc_usable_size_r
                0x080036d0       0x14 c:/program files (x86)/embitz/1.11/share/em_armgcc/bin/../lib/gcc/arm-none-eabi/5.4.1/../../../../arm-none-eabi/lib/armv7e-m\libg_n.a(lib_a-nano-msizer.o)
                0x080036d0                _malloc_usable_size_r
 .text._close   0x080036e4       0x10 c:/program files (x86)/embitz/1.11/share/em_armgcc/bin/../lib/gcc/arm-none-eabi/5.4.1/../../../../arm-none-eabi/lib/armv7e-m\libnosys_s.a(close.o)
                0x080036e4                _close
 .text._fstat   0x080036f4       0x10 c:/program files (x86)/embitz/1.11/share/em_armgcc/bin/../lib/gcc/arm-none-eabi/5.4.1/../../../../arm-none-eabi/lib/armv7e-m\libnosys_s.a(fstat.o)
                0x080036f4                _fstat
 .text._isatty  0x08003704       0x10 c:/program files (x86)/embitz/1.11/share/em_armgcc/bin/../lib/gcc/arm-none-eabi/5.4.1/../../../../arm-none-eabi/lib/armv7e-m\libnosys_s.a(isatty.o)
                0x08003704                _isatty
 .text._lseek   0x08003714       0x10 c:/program files (x86)/embitz/1.11/share/em_armgcc/bin/../lib/gcc/arm-none-eabi/5.4.1/../../../../arm-none-eabi/lib/armv7e-m\libnosys_s.a(lseek.o)
                0x08003714                _lseek
 .text._read    0x08003724       0x10 c:/program files (x86)/embitz/1.11/share/em_armgcc/bin/../lib/gcc/arm-none-eabi/5.4.1/../../../../arm-none-eabi/lib/armv7e-m\libnosys_s.a(read.o)
                0x08003724                _read
 .text._sbrk    0x08003734       0x1c c:/program files (x86)/embitz/1.11/share/em_armgcc/bin/../lib/gcc/arm-none-eabi/5.4.1/../../../../arm-none-eabi/lib/armv7e-m\libnosys_s.a(sbrk.o)
                0x08003734                _sbrk
 .text._exit    0x08003750        0x2 c:/program files (x86)/embitz/1.11/share/em_armgcc/bin/../lib/gcc/arm-none-eabi/5.4.1/../../../../arm-none-eabi/lib/armv7e-m\libnosys_s.a(_exit.o)
                0x08003750                _exit
 *(.init)
 *fill*         0x08003752        0x2 
 .init          0x08003754        0x4 c:/program files (x86)/embitz/1.11/share/em_armgcc/bin/../lib/gcc/arm-none-eabi/5.4.1/armv7e-m/crti.o
                0x08003754                _init
 .init          0x08003758        0x8 c:/program files (x86)/embitz/1.11/share/em_armgcc/bin/../lib/gcc/arm-none-eabi/5.4.1/armv7e-m/crtn.o
 *(.fini)
 .fini          0x08003760        0x4 c:/program files (x86)/embitz/1.11/share/em_armgcc/bin/../lib/gcc/arm-none-eabi/5.4.1/armv7e-m/crti.o
                0x08003760                _fini
 .fini          0x08003764        0x8 c:/program files (x86)/embitz/1.11/share/em_armgcc/bin/../lib/gcc/arm-none-eabi/5.4.1/armv7e-m/crtn.o
 *crtbegin.o(.ctors)
 *crtbegin?.o(.ctors)
 *(EXCLUDE_FILE(*crtend.o *crtend?.o) .ctors)
 *(SORT(.ctors.*))
 *(.ctors)
 *crtbegin.o(.dtors)
 *crtbegin?.o(.dtors)
 *(EXCLUDE_FILE(*crtend.o *crtend?.o) .dtors)
 *(SORT(.dtors.*))
 *(.dtors)
 *(.rodata*)
 .rodata        0x0800376c       0x21 obj\debug\src\ap\main.o
 *fill*         0x0800378d        0x3 
 .rodata        0x08003790       0x71 obj\debug\src\api\ansi.o
 *fill*         0x08003801        0x3 
 .rodata.character_data
                0x08003804      0x1db obj\debug\src\hal\lcd.o
                0x08003804                character_data
 .rodata.str1.1
                0x080039df        0x2 c:/program files (x86)/embitz/1.11/share/em_armgcc/bin/../lib/gcc/arm-none-eabi/5.4.1/../../../../arm-none-eabi/lib/armv7e-m\libg_n.a(lib_a-impure.o)
 *fill*         0x080039e1        0x3 
 .rodata._global_impure_ptr
                0x080039e4        0x4 c:/program files (x86)/embitz/1.11/share/em_armgcc/bin/../lib/gcc/arm-none-eabi/5.4.1/../../../../arm-none-eabi/lib/armv7e-m\libg_n.a(lib_a-impure.o)
                0x080039e4                _global_impure_ptr
 .rodata.__sf_fake_stdin
                0x080039e8       0x20 c:/program files (x86)/embitz/1.11/share/em_armgcc/bin/../lib/gcc/arm-none-eabi/5.4.1/../../../../arm-none-eabi/lib/armv7e-m\libg_n.a(lib_a-findfp.o)
                0x080039e8                __sf_fake_stdin
 .rodata.__sf_fake_stdout
                0x08003a08       0x20 c:/program files (x86)/embitz/1.11/share/em_armgcc/bin/../lib/gcc/arm-none-eabi/5.4.1/../../../../arm-none-eabi/lib/armv7e-m\libg_n.a(lib_a-findfp.o)
                0x08003a08                __sf_fake_stdout
 .rodata.__sf_fake_stderr
                0x08003a28       0x20 c:/program files (x86)/embitz/1.11/share/em_armgcc/bin/../lib/gcc/arm-none-eabi/5.4.1/../../../../arm-none-eabi/lib/armv7e-m\libg_n.a(lib_a-findfp.o)
                0x08003a28                __sf_fake_stderr
 .rodata.str1.1
                0x08003a48       0x11 c:/program files (x86)/embitz/1.11/share/em_armgcc/bin/../lib/gcc/arm-none-eabi/5.4.1/../../../../arm-none-eabi/lib/armv7e-m\libg_n.a(lib_a-nano-svfprintf.o)
 .rodata.str1.1
                0x08003a59       0x11 c:/program files (x86)/embitz/1.11/share/em_armgcc/bin/../lib/gcc/arm-none-eabi/5.4.1/../../../../arm-none-eabi/lib/armv7e-m\libg_n.a(lib_a-nano-vfprintf.o)
 .rodata.str1.1
                0x08003a59       0x22 c:/program files (x86)/embitz/1.11/share/em_armgcc/bin/../lib/gcc/arm-none-eabi/5.4.1/../../../../arm-none-eabi/lib/armv7e-m\libg_n.a(lib_a-nano-vfprintf_i.o)
 *(.eh_frame*)
 *fill*         0x08003a7b        0x1 
 .eh_frame      0x08003a7c        0x0 c:/program files (x86)/embitz/1.11/share/em_armgcc/bin/../lib/gcc/arm-none-eabi/5.4.1/armv7e-m/crtbegin.o
 .eh_frame      0x08003a7c        0x4 c:/program files (x86)/embitz/1.11/share/em_armgcc/bin/../lib/gcc/arm-none-eabi/5.4.1/armv7e-m/crtend.o

.glue_7         0x08003a80        0x0
 .glue_7        0x08003a80        0x0 linker stubs

.glue_7t        0x08003a80        0x0
 .glue_7t       0x08003a80        0x0 linker stubs

.vfp11_veneer   0x08003a80        0x0
 .vfp11_veneer  0x08003a80        0x0 linker stubs

.v4_bx          0x08003a80        0x0
 .v4_bx         0x08003a80        0x0 linker stubs

.iplt           0x08003a80        0x0
 .iplt          0x08003a80        0x0 c:/program files (x86)/embitz/1.11/share/em_armgcc/bin/../lib/gcc/arm-none-eabi/5.4.1/armv7e-m/crtbegin.o

.ARM.extab
 *(.ARM.extab* .gnu.linkonce.armextab.*)
                0x08003a80                __exidx_start = .

.ARM.exidx      0x08003a80        0x8
 *(.ARM.exidx* .gnu.linkonce.armexidx.*)
 .ARM.exidx     0x08003a80        0x8 c:/program files (x86)/embitz/1.11/share/em_armgcc/bin/../lib/gcc/arm-none-eabi/5.4.1/../../../../arm-none-eabi/lib/armv7e-m/crt0.o
                0x08003a88                __exidx_end = .
                0x08003a88                __etext = .

.rel.dyn        0x08003a88        0x0
 .rel.iplt      0x08003a88        0x0 c:/program files (x86)/embitz/1.11/share/em_armgcc/bin/../lib/gcc/arm-none-eabi/5.4.1/armv7e-m/crtbegin.o

.data           0x20000000       0x98 load address 0x08003a88
                0x20000000                __data_start__ = .
 *(vtable)
 *(.data*)
 .data.APBAHBPrescTable
                0x20000000       0x10 obj\debug\spl\src\stm32f30x_rcc.o
 .data.ADCPrescTable
                0x20000010       0x1a obj\debug\spl\src\stm32f30x_rcc.o
 *fill*         0x2000002a        0x2 
 .data.impure_data
                0x2000002c       0x60 c:/program files (x86)/embitz/1.11/share/em_armgcc/bin/../lib/gcc/arm-none-eabi/5.4.1/../../../../arm-none-eabi/lib/armv7e-m\libg_n.a(lib_a-impure.o)
 .data._impure_ptr
                0x2000008c        0x4 c:/program files (x86)/embitz/1.11/share/em_armgcc/bin/../lib/gcc/arm-none-eabi/5.4.1/../../../../arm-none-eabi/lib/armv7e-m\libg_n.a(lib_a-impure.o)
                0x2000008c                _impure_ptr
                0x20000090                . = ALIGN (0x4)
                0x20000090                PROVIDE (__preinit_array_start, .)
 *(.preinit_array)
                0x20000090                PROVIDE (__preinit_array_end, .)
                0x20000090                . = ALIGN (0x4)
                0x20000090                PROVIDE (__init_array_start, .)
 *(SORT(.init_array.*))
 *(.init_array)
 .init_array    0x20000090        0x4 c:/program files (x86)/embitz/1.11/share/em_armgcc/bin/../lib/gcc/arm-none-eabi/5.4.1/armv7e-m/crtbegin.o
                0x20000094                PROVIDE (__init_array_end, .)
                0x20000094                . = ALIGN (0x4)
                [!provide]                PROVIDE (__fini_array_start, .)
 *(SORT(.fini_array.*))
 *(.fini_array)
 .fini_array    0x20000094        0x4 c:/program files (x86)/embitz/1.11/share/em_armgcc/bin/../lib/gcc/arm-none-eabi/5.4.1/armv7e-m/crtbegin.o
                [!provide]                PROVIDE (__fini_array_end, .)
                0x20000098                . = ALIGN (0x4)
                0x20000098                __data_end__ = .

.jcr            0x20000098        0x0 load address 0x08003b20
 .jcr           0x20000098        0x0 c:/program files (x86)/embitz/1.11/share/em_armgcc/bin/../lib/gcc/arm-none-eabi/5.4.1/armv7e-m/crtbegin.o

.igot.plt       0x20000098        0x0 load address 0x08003b20
 .igot.plt      0x20000098        0x0 c:/program files (x86)/embitz/1.11/share/em_armgcc/bin/../lib/gcc/arm-none-eabi/5.4.1/armv7e-m/crtbegin.o

.bss            0x20000098       0x34 load address 0x08003b20
                0x20000098                __bss_start__ = .
 *(.bss*)
 .bss           0x20000098       0x1c c:/program files (x86)/embitz/1.11/share/em_armgcc/bin/../lib/gcc/arm-none-eabi/5.4.1/armv7e-m/crtbegin.o
 .bss.__malloc_sbrk_start
                0x200000b4        0x4 c:/program files (x86)/embitz/1.11/share/em_armgcc/bin/../lib/gcc/arm-none-eabi/5.4.1/../../../../arm-none-eabi/lib/armv7e-m\libg_n.a(lib_a-nano-mallocr.o)
                0x200000b4                __malloc_sbrk_start
 .bss.__malloc_free_list
                0x200000b8        0x4 c:/program files (x86)/embitz/1.11/share/em_armgcc/bin/../lib/gcc/arm-none-eabi/5.4.1/../../../../arm-none-eabi/lib/armv7e-m\libg_n.a(lib_a-nano-mallocr.o)
                0x200000b8                __malloc_free_list
 .bss.heap_end.4167
                0x200000bc        0x4 c:/program files (x86)/embitz/1.11/share/em_armgcc/bin/../lib/gcc/arm-none-eabi/5.4.1/../../../../arm-none-eabi/lib/armv7e-m\libnosys_s.a(sbrk.o)
 *(COMMON)
 COMMON         0x200000c0        0x8 obj\debug\src\ap\main.o
                0x200000c0                clk
 COMMON         0x200000c8        0x4 c:/program files (x86)/embitz/1.11/share/em_armgcc/bin/../lib/gcc/arm-none-eabi/5.4.1/../../../../arm-none-eabi/lib/armv7e-m\libg_n.a(lib_a-reent.o)
                0x200000c8                errno
                0x200000cc                __bss_end__ = .

.heap           0x200000d0        0x0
                0x200000d0                __end__ = .
                0x200000d0                end = __end__
 *(.heap*)
 .heap          0x200000d0        0x0 obj\debug\src\startup_stm32f30x.o
                0x200000d0                __HeapLimit = .

.stack_dummy    0x200000d0      0x100
 *(.stack)
 .stack         0x200000d0      0x100 obj\debug\src\startup_stm32f30x.o
                0x20004000                __StackTop = (ORIGIN (RAM) + LENGTH (RAM))
                0x20003f00                __StackLimit = (__StackTop - SIZEOF (.stack_dummy))
                0x20004000                PROVIDE (__stack, __StackTop)
                0x00000001                ASSERT ((__StackLimit >= __HeapLimit), region RAM overflowed with stack)
LOAD obj\debug\spl\src\stm32f30x_adc.o
LOAD obj\debug\spl\src\stm32f30x_can.o
LOAD obj\debug\spl\src\stm32f30x_comp.o
LOAD obj\debug\spl\src\stm32f30x_crc.o
LOAD obj\debug\spl\src\stm32f30x_dac.o
LOAD obj\debug\spl\src\stm32f30x_dbgmcu.o
LOAD obj\debug\spl\src\stm32f30x_dma.o
LOAD obj\debug\spl\src\stm32f30x_exti.o
LOAD obj\debug\spl\src\stm32f30x_flash.o
LOAD obj\debug\spl\src\stm32f30x_gpio.o
LOAD obj\debug\spl\src\stm32f30x_i2c.o
LOAD obj\debug\spl\src\stm32f30x_iwdg.o
LOAD obj\debug\spl\src\stm32f30x_misc.o
LOAD obj\debug\spl\src\stm32f30x_opamp.o
LOAD obj\debug\spl\src\stm32f30x_pwr.o
LOAD obj\debug\spl\src\stm32f30x_rcc.o
LOAD obj\debug\spl\src\stm32f30x_rtc.o
LOAD obj\debug\spl\src\stm32f30x_spi.o
LOAD obj\debug\spl\src\stm32f30x_syscfg.o
LOAD obj\debug\spl\src\stm32f30x_tim.o
LOAD obj\debug\spl\src\stm32f30x_usart.o
LOAD obj\debug\spl\src\stm32f30x_wwdg.o
LOAD obj\debug\src\ap\main.o
LOAD obj\debug\src\api\30010_io.o
LOAD obj\debug\src\api\ansi.o
LOAD obj\debug\src\api\game.o
LOAD obj\debug\src\api\lut.o
LOAD obj\debug\src\api\menu.o
LOAD obj\debug\src\api\vectortrig.o
LOAD obj\debug\src\hal\gpio.o
LOAD obj\debug\src\hal\lcd.o
LOAD obj\debug\src\hal\system_stm32f30x.o
LOAD obj\debug\src\hal\timer.o
LOAD obj\debug\src\startup_stm32f30x.o
START GROUP
LOAD c:/program files (x86)/embitz/1.11/share/em_armgcc/bin/../lib/gcc/arm-none-eabi/5.4.1/armv7e-m\libgcc.a
LOAD c:/program files (x86)/embitz/1.11/share/em_armgcc/bin/../lib/gcc/arm-none-eabi/5.4.1/../../../../arm-none-eabi/lib/armv7e-m\libg_n.a
LOAD c:/program files (x86)/embitz/1.11/share/em_armgcc/bin/../lib/gcc/arm-none-eabi/5.4.1/../../../../arm-none-eabi/lib/armv7e-m\libc_n.a
END GROUP
START GROUP
LOAD c:/program files (x86)/embitz/1.11/share/em_armgcc/bin/../lib/gcc/arm-none-eabi/5.4.1/armv7e-m\libgcc.a
LOAD c:/program files (x86)/embitz/1.11/share/em_armgcc/bin/../lib/gcc/arm-none-eabi/5.4.1/../../../../arm-none-eabi/lib/armv7e-m\libc_n.a
LOAD c:/program files (x86)/embitz/1.11/share/em_armgcc/bin/../lib/gcc/arm-none-eabi/5.4.1/../../../../arm-none-eabi/lib/armv7e-m\libnosys_s.a
END GROUP
LOAD c:/program files (x86)/embitz/1.11/share/em_armgcc/bin/../lib/gcc/arm-none-eabi/5.4.1/armv7e-m/crtend.o
LOAD c:/program files (x86)/embitz/1.11/share/em_armgcc/bin/../lib/gcc/arm-none-eabi/5.4.1/armv7e-m/crtn.o
OUTPUT(bin\Debug\Reflexball.elf elf32-littlearm)

.ARM.attributes
                0x00000000       0x2a
 .ARM.attributes
                0x00000000       0x1e c:/program files (x86)/embitz/1.11/share/em_armgcc/bin/../lib/gcc/arm-none-eabi/5.4.1/armv7e-m/crti.o
 .ARM.attributes
                0x0000001e       0x2e c:/program files (x86)/embitz/1.11/share/em_armgcc/bin/../lib/gcc/arm-none-eabi/5.4.1/armv7e-m/crtbegin.o
 .ARM.attributes
                0x0000004c       0x1c c:/program files (x86)/embitz/1.11/share/em_armgcc/bin/../lib/gcc/arm-none-eabi/5.4.1/../../../../arm-none-eabi/lib/armv7e-m/crt0.o
 .ARM.attributes
                0x00000068       0x33 obj\debug\spl\src\stm32f30x_adc.o
 .ARM.attributes
                0x0000009b       0x33 obj\debug\spl\src\stm32f30x_rcc.o
 .ARM.attributes
                0x000000ce       0x33 obj\debug\spl\src\stm32f30x_spi.o
 .ARM.attributes
                0x00000101       0x33 obj\debug\spl\src\stm32f30x_usart.o
 .ARM.attributes
                0x00000134       0x33 obj\debug\src\ap\main.o
 .ARM.attributes
                0x00000167       0x33 obj\debug\src\api\30010_io.o
 .ARM.attributes
                0x0000019a       0x33 obj\debug\src\api\ansi.o
 .ARM.attributes
                0x000001cd       0x33 obj\debug\src\api\game.o
 .ARM.attributes
                0x00000200       0x33 obj\debug\src\api\vectortrig.o
 .ARM.attributes
                0x00000233       0x33 obj\debug\src\hal\gpio.o
 .ARM.attributes
                0x00000266       0x33 obj\debug\src\hal\lcd.o
 .ARM.attributes
                0x00000299       0x33 obj\debug\src\hal\system_stm32f30x.o
 .ARM.attributes
                0x000002cc       0x1b obj\debug\src\startup_stm32f30x.o
 .ARM.attributes
                0x000002e7       0x2e c:/program files (x86)/embitz/1.11/share/em_armgcc/bin/../lib/gcc/arm-none-eabi/5.4.1/../../../../arm-none-eabi/lib/armv7e-m\libg_n.a(lib_a-exit.o)
 .ARM.attributes
                0x00000315       0x2e c:/program files (x86)/embitz/1.11/share/em_armgcc/bin/../lib/gcc/arm-none-eabi/5.4.1/../../../../arm-none-eabi/lib/armv7e-m\libg_n.a(lib_a-impure.o)
 .ARM.attributes
                0x00000343       0x2e c:/program files (x86)/embitz/1.11/share/em_armgcc/bin/../lib/gcc/arm-none-eabi/5.4.1/../../../../arm-none-eabi/lib/armv7e-m\libg_n.a(lib_a-init.o)
 .ARM.attributes
                0x00000371       0x2e c:/program files (x86)/embitz/1.11/share/em_armgcc/bin/../lib/gcc/arm-none-eabi/5.4.1/../../../../arm-none-eabi/lib/armv7e-m\libg_n.a(lib_a-memset.o)
 .ARM.attributes
                0x0000039f       0x2e c:/program files (x86)/embitz/1.11/share/em_armgcc/bin/../lib/gcc/arm-none-eabi/5.4.1/../../../../arm-none-eabi/lib/armv7e-m\libg_n.a(lib_a-printf.o)
 .ARM.attributes
                0x000003cd       0x2e c:/program files (x86)/embitz/1.11/share/em_armgcc/bin/../lib/gcc/arm-none-eabi/5.4.1/../../../../arm-none-eabi/lib/armv7e-m\libg_n.a(lib_a-putchar.o)
 .ARM.attributes
                0x000003fb       0x2e c:/program files (x86)/embitz/1.11/share/em_armgcc/bin/../lib/gcc/arm-none-eabi/5.4.1/../../../../arm-none-eabi/lib/armv7e-m\libg_n.a(lib_a-rand.o)
 .ARM.attributes
                0x00000429       0x2e c:/program files (x86)/embitz/1.11/share/em_armgcc/bin/../lib/gcc/arm-none-eabi/5.4.1/../../../../arm-none-eabi/lib/armv7e-m\libg_n.a(lib_a-setbuf.o)
 .ARM.attributes
                0x00000457       0x2e c:/program files (x86)/embitz/1.11/share/em_armgcc/bin/../lib/gcc/arm-none-eabi/5.4.1/../../../../arm-none-eabi/lib/armv7e-m\libg_n.a(lib_a-setvbuf.o)
 .ARM.attributes
                0x00000485       0x2e c:/program files (x86)/embitz/1.11/share/em_armgcc/bin/../lib/gcc/arm-none-eabi/5.4.1/../../../../arm-none-eabi/lib/armv7e-m\libg_n.a(lib_a-sprintf.o)
 .ARM.attributes
                0x000004b3       0x17 c:/program files (x86)/embitz/1.11/share/em_armgcc/bin/../lib/gcc/arm-none-eabi/5.4.1/../../../../arm-none-eabi/lib/armv7e-m\libg_n.a(lib_a-strlen.o)
 .ARM.attributes
                0x000004ca       0x2e c:/program files (x86)/embitz/1.11/share/em_armgcc/bin/../lib/gcc/arm-none-eabi/5.4.1/../../../../arm-none-eabi/lib/armv7e-m\libg_n.a(lib_a-wbuf.o)
 .ARM.attributes
                0x000004f8       0x2e c:/program files (x86)/embitz/1.11/share/em_armgcc/bin/../lib/gcc/arm-none-eabi/5.4.1/../../../../arm-none-eabi/lib/armv7e-m\libg_n.a(lib_a-wsetup.o)
 .ARM.attributes
                0x00000526       0x2e c:/program files (x86)/embitz/1.11/share/em_armgcc/bin/../lib/gcc/arm-none-eabi/5.4.1/../../../../arm-none-eabi/lib/armv7e-m\libg_n.a(lib_a-fflush.o)
 .ARM.attributes
                0x00000554       0x2e c:/program files (x86)/embitz/1.11/share/em_armgcc/bin/../lib/gcc/arm-none-eabi/5.4.1/../../../../arm-none-eabi/lib/armv7e-m\libg_n.a(lib_a-findfp.o)
 .ARM.attributes
                0x00000582       0x2e c:/program files (x86)/embitz/1.11/share/em_armgcc/bin/../lib/gcc/arm-none-eabi/5.4.1/../../../../arm-none-eabi/lib/armv7e-m\libg_n.a(lib_a-fwalk.o)
 .ARM.attributes
                0x000005b0       0x2e c:/program files (x86)/embitz/1.11/share/em_armgcc/bin/../lib/gcc/arm-none-eabi/5.4.1/../../../../arm-none-eabi/lib/armv7e-m\libg_n.a(lib_a-makebuf.o)
 .ARM.attributes
                0x000005de       0x2e c:/program files (x86)/embitz/1.11/share/em_armgcc/bin/../lib/gcc/arm-none-eabi/5.4.1/../../../../arm-none-eabi/lib/armv7e-m\libg_n.a(lib_a-malloc.o)
 .ARM.attributes
                0x0000060c       0x2e c:/program files (x86)/embitz/1.11/share/em_armgcc/bin/../lib/gcc/arm-none-eabi/5.4.1/../../../../arm-none-eabi/lib/armv7e-m\libg_n.a(lib_a-nano-freer.o)
 .ARM.attributes
                0x0000063a       0x2e c:/program files (x86)/embitz/1.11/share/em_armgcc/bin/../lib/gcc/arm-none-eabi/5.4.1/../../../../arm-none-eabi/lib/armv7e-m\libg_n.a(lib_a-nano-mallocr.o)
 .ARM.attributes
                0x00000668       0x2e c:/program files (x86)/embitz/1.11/share/em_armgcc/bin/../lib/gcc/arm-none-eabi/5.4.1/../../../../arm-none-eabi/lib/armv7e-m\libg_n.a(lib_a-nano-svfprintf.o)
 .ARM.attributes
                0x00000696       0x2e c:/program files (x86)/embitz/1.11/share/em_armgcc/bin/../lib/gcc/arm-none-eabi/5.4.1/../../../../arm-none-eabi/lib/armv7e-m\libg_n.a(lib_a-nano-vfprintf.o)
 .ARM.attributes
                0x000006c4       0x2e c:/program files (x86)/embitz/1.11/share/em_armgcc/bin/../lib/gcc/arm-none-eabi/5.4.1/../../../../arm-none-eabi/lib/armv7e-m\libg_n.a(lib_a-nano-vfprintf_i.o)
 .ARM.attributes
                0x000006f2       0x2e c:/program files (x86)/embitz/1.11/share/em_armgcc/bin/../lib/gcc/arm-none-eabi/5.4.1/../../../../arm-none-eabi/lib/armv7e-m\libg_n.a(lib_a-putc.o)
 .ARM.attributes
                0x00000720       0x2e c:/program files (x86)/embitz/1.11/share/em_armgcc/bin/../lib/gcc/arm-none-eabi/5.4.1/../../../../arm-none-eabi/lib/armv7e-m\libg_n.a(lib_a-sbrkr.o)
 .ARM.attributes
                0x0000074e       0x2e c:/program files (x86)/embitz/1.11/share/em_armgcc/bin/../lib/gcc/arm-none-eabi/5.4.1/../../../../arm-none-eabi/lib/armv7e-m\libg_n.a(lib_a-stdio.o)
 .ARM.attributes
                0x0000077c       0x2e c:/program files (x86)/embitz/1.11/share/em_armgcc/bin/../lib/gcc/arm-none-eabi/5.4.1/../../../../arm-none-eabi/lib/armv7e-m\libg_n.a(lib_a-closer.o)
 .ARM.attributes
                0x000007aa       0x2e c:/program files (x86)/embitz/1.11/share/em_armgcc/bin/../lib/gcc/arm-none-eabi/5.4.1/../../../../arm-none-eabi/lib/armv7e-m\libg_n.a(lib_a-fstatr.o)
 .ARM.attributes
                0x000007d8       0x2e c:/program files (x86)/embitz/1.11/share/em_armgcc/bin/../lib/gcc/arm-none-eabi/5.4.1/../../../../arm-none-eabi/lib/armv7e-m\libg_n.a(lib_a-isattyr.o)
 .ARM.attributes
                0x00000806       0x2e c:/program files (x86)/embitz/1.11/share/em_armgcc/bin/../lib/gcc/arm-none-eabi/5.4.1/../../../../arm-none-eabi/lib/armv7e-m\libg_n.a(lib_a-lseekr.o)
 .ARM.attributes
                0x00000834       0x1c c:/program files (x86)/embitz/1.11/share/em_armgcc/bin/../lib/gcc/arm-none-eabi/5.4.1/../../../../arm-none-eabi/lib/armv7e-m\libg_n.a(lib_a-memchr.o)
 .ARM.attributes
                0x00000850       0x2e c:/program files (x86)/embitz/1.11/share/em_armgcc/bin/../lib/gcc/arm-none-eabi/5.4.1/../../../../arm-none-eabi/lib/armv7e-m\libg_n.a(lib_a-memcpy-stub.o)
 .ARM.attributes
                0x0000087e       0x2e c:/program files (x86)/embitz/1.11/share/em_armgcc/bin/../lib/gcc/arm-none-eabi/5.4.1/../../../../arm-none-eabi/lib/armv7e-m\libg_n.a(lib_a-memmove.o)
 .ARM.attributes
                0x000008ac       0x2e c:/program files (x86)/embitz/1.11/share/em_armgcc/bin/../lib/gcc/arm-none-eabi/5.4.1/../../../../arm-none-eabi/lib/armv7e-m\libg_n.a(lib_a-mlock.o)
 .ARM.attributes
                0x000008da       0x2e c:/program files (x86)/embitz/1.11/share/em_armgcc/bin/../lib/gcc/arm-none-eabi/5.4.1/../../../../arm-none-eabi/lib/armv7e-m\libg_n.a(lib_a-nano-reallocr.o)
 .ARM.attributes
                0x00000908       0x2e c:/program files (x86)/embitz/1.11/share/em_armgcc/bin/../lib/gcc/arm-none-eabi/5.4.1/../../../../arm-none-eabi/lib/armv7e-m\libg_n.a(lib_a-readr.o)
 .ARM.attributes
                0x00000936       0x2e c:/program files (x86)/embitz/1.11/share/em_armgcc/bin/../lib/gcc/arm-none-eabi/5.4.1/../../../../arm-none-eabi/lib/armv7e-m\libg_n.a(lib_a-reent.o)
 .ARM.attributes
                0x00000964       0x2e c:/program files (x86)/embitz/1.11/share/em_armgcc/bin/../lib/gcc/arm-none-eabi/5.4.1/../../../../arm-none-eabi/lib/armv7e-m\libg_n.a(lib_a-nano-msizer.o)
 .ARM.attributes
                0x00000992       0x2e c:/program files (x86)/embitz/1.11/share/em_armgcc/bin/../lib/gcc/arm-none-eabi/5.4.1/../../../../arm-none-eabi/lib/armv7e-m\libnosys_s.a(close.o)
 .ARM.attributes
                0x000009c0       0x2e c:/program files (x86)/embitz/1.11/share/em_armgcc/bin/../lib/gcc/arm-none-eabi/5.4.1/../../../../arm-none-eabi/lib/armv7e-m\libnosys_s.a(fstat.o)
 .ARM.attributes
                0x000009ee       0x2e c:/program files (x86)/embitz/1.11/share/em_armgcc/bin/../lib/gcc/arm-none-eabi/5.4.1/../../../../arm-none-eabi/lib/armv7e-m\libnosys_s.a(isatty.o)
 .ARM.attributes
                0x00000a1c       0x2e c:/program files (x86)/embitz/1.11/share/em_armgcc/bin/../lib/gcc/arm-none-eabi/5.4.1/../../../../arm-none-eabi/lib/armv7e-m\libnosys_s.a(lseek.o)
 .ARM.attributes
                0x00000a4a       0x2e c:/program files (x86)/embitz/1.11/share/em_armgcc/bin/../lib/gcc/arm-none-eabi/5.4.1/../../../../arm-none-eabi/lib/armv7e-m\libnosys_s.a(read.o)
 .ARM.attributes
                0x00000a78       0x2e c:/program files (x86)/embitz/1.11/share/em_armgcc/bin/../lib/gcc/arm-none-eabi/5.4.1/../../../../arm-none-eabi/lib/armv7e-m\libnosys_s.a(sbrk.o)
 .ARM.attributes
                0x00000aa6       0x2e c:/program files (x86)/embitz/1.11/share/em_armgcc/bin/../lib/gcc/arm-none-eabi/5.4.1/../../../../arm-none-eabi/lib/armv7e-m\libnosys_s.a(_exit.o)
 .ARM.attributes
                0x00000ad4       0x2e c:/program files (x86)/embitz/1.11/share/em_armgcc/bin/../lib/gcc/arm-none-eabi/5.4.1/armv7e-m/crtend.o
 .ARM.attributes
                0x00000b02       0x1e c:/program files (x86)/embitz/1.11/share/em_armgcc/bin/../lib/gcc/arm-none-eabi/5.4.1/armv7e-m/crtn.o

.comment        0x00000000       0x6e
 .comment       0x00000000       0x6e obj\debug\spl\src\stm32f30x_adc.o
                                 0x6f (size before relaxing)
 .comment       0x0000006e       0x6f obj\debug\spl\src\stm32f30x_rcc.o
 .comment       0x0000006e       0x6f obj\debug\spl\src\stm32f30x_spi.o
 .comment       0x0000006e       0x6f obj\debug\spl\src\stm32f30x_usart.o
 .comment       0x0000006e       0x6f obj\debug\src\ap\main.o
 .comment       0x0000006e       0x6f obj\debug\src\api\30010_io.o
 .comment       0x0000006e       0x6f obj\debug\src\api\ansi.o
 .comment       0x0000006e       0x6f obj\debug\src\api\game.o
 .comment       0x0000006e       0x6f obj\debug\src\api\vectortrig.o
 .comment       0x0000006e       0x6f obj\debug\src\hal\gpio.o
 .comment       0x0000006e       0x6f obj\debug\src\hal\lcd.o
 .comment       0x0000006e       0x6f obj\debug\src\hal\system_stm32f30x.o

.debug_info     0x00000000     0x7e3a
 .debug_info    0x00000000     0x1327 obj\debug\spl\src\stm32f30x_adc.o
 .debug_info    0x00001327      0xad4 obj\debug\spl\src\stm32f30x_rcc.o
 .debug_info    0x00001dfb      0xb82 obj\debug\spl\src\stm32f30x_spi.o
 .debug_info    0x0000297d      0xecc obj\debug\spl\src\stm32f30x_usart.o
 .debug_info    0x00003849      0xbed obj\debug\src\ap\main.o
 .debug_info    0x00004436      0xf04 obj\debug\src\api\30010_io.o
 .debug_info    0x0000533a      0xd00 obj\debug\src\api\ansi.o
 .debug_info    0x0000603a      0xcef obj\debug\src\api\game.o
 .debug_info    0x00006d29      0x2db obj\debug\src\api\vectortrig.o
 .debug_info    0x00007004      0x64b obj\debug\src\hal\gpio.o
 .debug_info    0x0000764f      0x2f2 obj\debug\src\hal\lcd.o
 .debug_info    0x00007941      0x470 obj\debug\src\hal\system_stm32f30x.o
 .debug_info    0x00007db1       0x89 obj\debug\src\startup_stm32f30x.o

.debug_abbrev   0x00000000     0x14e9
 .debug_abbrev  0x00000000      0x197 obj\debug\spl\src\stm32f30x_adc.o
 .debug_abbrev  0x00000197      0x1ea obj\debug\spl\src\stm32f30x_rcc.o
 .debug_abbrev  0x00000381      0x190 obj\debug\spl\src\stm32f30x_spi.o
 .debug_abbrev  0x00000511      0x15c obj\debug\spl\src\stm32f30x_usart.o
 .debug_abbrev  0x0000066d      0x262 obj\debug\src\ap\main.o
 .debug_abbrev  0x000008cf      0x27d obj\debug\src\api\30010_io.o
 .debug_abbrev  0x00000b4c      0x23d obj\debug\src\api\ansi.o
 .debug_abbrev  0x00000d89      0x23b obj\debug\src\api\game.o
 .debug_abbrev  0x00000fc4      0x13c obj\debug\src\api\vectortrig.o
 .debug_abbrev  0x00001100      0x198 obj\debug\src\hal\gpio.o
 .debug_abbrev  0x00001298      0x123 obj\debug\src\hal\lcd.o
 .debug_abbrev  0x000013bb      0x11a obj\debug\src\hal\system_stm32f30x.o
 .debug_abbrev  0x000014d5       0x14 obj\debug\src\startup_stm32f30x.o

.debug_aranges  0x00000000      0x940
 .debug_aranges
                0x00000000      0x210 obj\debug\spl\src\stm32f30x_adc.o
 .debug_aranges
                0x00000210      0x150 obj\debug\spl\src\stm32f30x_rcc.o
 .debug_aranges
                0x00000360      0x118 obj\debug\spl\src\stm32f30x_spi.o
 .debug_aranges
                0x00000478      0x1a0 obj\debug\spl\src\stm32f30x_usart.o
 .debug_aranges
                0x00000618       0x60 obj\debug\src\ap\main.o
 .debug_aranges
                0x00000678       0x58 obj\debug\src\api\30010_io.o
 .debug_aranges
                0x000006d0       0xa8 obj\debug\src\api\ansi.o
 .debug_aranges
                0x00000778       0x50 obj\debug\src\api\game.o
 .debug_aranges
                0x000007c8       0x60 obj\debug\src\api\vectortrig.o
 .debug_aranges
                0x00000828       0x80 obj\debug\src\hal\gpio.o
 .debug_aranges
                0x000008a8       0x48 obj\debug\src\hal\lcd.o
 .debug_aranges
                0x000008f0       0x30 obj\debug\src\hal\system_stm32f30x.o
 .debug_aranges
                0x00000920       0x20 obj\debug\src\startup_stm32f30x.o

.debug_ranges   0x00000000      0x878
 .debug_ranges  0x00000000      0x200 obj\debug\spl\src\stm32f30x_adc.o
 .debug_ranges  0x00000200      0x140 obj\debug\spl\src\stm32f30x_rcc.o
 .debug_ranges  0x00000340      0x108 obj\debug\spl\src\stm32f30x_spi.o
 .debug_ranges  0x00000448      0x190 obj\debug\spl\src\stm32f30x_usart.o
 .debug_ranges  0x000005d8       0x68 obj\debug\src\ap\main.o
 .debug_ranges  0x00000640       0x48 obj\debug\src\api\30010_io.o
 .debug_ranges  0x00000688       0x98 obj\debug\src\api\ansi.o
 .debug_ranges  0x00000720       0x40 obj\debug\src\api\game.o
 .debug_ranges  0x00000760       0x50 obj\debug\src\api\vectortrig.o
 .debug_ranges  0x000007b0       0x70 obj\debug\src\hal\gpio.o
 .debug_ranges  0x00000820       0x38 obj\debug\src\hal\lcd.o
 .debug_ranges  0x00000858       0x20 obj\debug\src\hal\system_stm32f30x.o

.debug_macro    0x00000000     0xfd03
 .debug_macro   0x00000000      0x1b3 obj\debug\spl\src\stm32f30x_adc.o
 .debug_macro   0x000001b3      0x892 obj\debug\spl\src\stm32f30x_adc.o
 .debug_macro   0x00000a45       0x74 obj\debug\spl\src\stm32f30x_adc.o
 .debug_macro   0x00000ab9       0x35 obj\debug\spl\src\stm32f30x_adc.o
 .debug_macro   0x00000aee       0x22 obj\debug\spl\src\stm32f30x_adc.o
 .debug_macro   0x00000b10       0x87 obj\debug\spl\src\stm32f30x_adc.o
 .debug_macro   0x00000b97       0x44 obj\debug\spl\src\stm32f30x_adc.o
 .debug_macro   0x00000bdb       0xfd obj\debug\spl\src\stm32f30x_adc.o
 .debug_macro   0x00000cd8       0x5e obj\debug\spl\src\stm32f30x_adc.o
 .debug_macro   0x00000d36      0x1df obj\debug\spl\src\stm32f30x_adc.o
 .debug_macro   0x00000f15       0x18 obj\debug\spl\src\stm32f30x_adc.o
 .debug_macro   0x00000f2d       0x42 obj\debug\spl\src\stm32f30x_adc.o
 .debug_macro   0x00000f6f      0x8cb obj\debug\spl\src\stm32f30x_adc.o
 .debug_macro   0x0000183a     0x769b obj\debug\spl\src\stm32f30x_adc.o
 .debug_macro   0x00008ed5      0x3c9 obj\debug\spl\src\stm32f30x_adc.o
 .debug_macro   0x0000929e       0x46 obj\debug\spl\src\stm32f30x_adc.o
 .debug_macro   0x000092e4      0x231 obj\debug\spl\src\stm32f30x_adc.o
 .debug_macro   0x00009515      0x196 obj\debug\spl\src\stm32f30x_adc.o
 .debug_macro   0x000096ab       0x8e obj\debug\spl\src\stm32f30x_adc.o
 .debug_macro   0x00009739      0x3a8 obj\debug\spl\src\stm32f30x_adc.o
 .debug_macro   0x00009ae1      0x114 obj\debug\spl\src\stm32f30x_adc.o
 .debug_macro   0x00009bf5      0x1e4 obj\debug\spl\src\stm32f30x_adc.o
 .debug_macro   0x00009dd9      0x1b6 obj\debug\spl\src\stm32f30x_adc.o
 .debug_macro   0x00009f8f      0x1df obj\debug\spl\src\stm32f30x_adc.o
 .debug_macro   0x0000a16e      0x29a obj\debug\spl\src\stm32f30x_adc.o
 .debug_macro   0x0000a408       0x70 obj\debug\spl\src\stm32f30x_adc.o
 .debug_macro   0x0000a478      0x10c obj\debug\spl\src\stm32f30x_adc.o
 .debug_macro   0x0000a584       0xb8 obj\debug\spl\src\stm32f30x_adc.o
 .debug_macro   0x0000a63c      0x5c6 obj\debug\spl\src\stm32f30x_adc.o
 .debug_macro   0x0000ac02      0x551 obj\debug\spl\src\stm32f30x_adc.o
 .debug_macro   0x0000b153      0x3ab obj\debug\spl\src\stm32f30x_adc.o
 .debug_macro   0x0000b4fe      0x8d8 obj\debug\spl\src\stm32f30x_adc.o
 .debug_macro   0x0000bdd6      0x364 obj\debug\spl\src\stm32f30x_adc.o
 .debug_macro   0x0000c13a       0x34 obj\debug\spl\src\stm32f30x_adc.o
 .debug_macro   0x0000c16e       0x89 obj\debug\spl\src\stm32f30x_adc.o
 .debug_macro   0x0000c1f7       0x35 obj\debug\spl\src\stm32f30x_adc.o
 .debug_macro   0x0000c22c      0x5a6 obj\debug\spl\src\stm32f30x_adc.o
 .debug_macro   0x0000c7d2      0x238 obj\debug\spl\src\stm32f30x_rcc.o
 .debug_macro   0x0000ca0a      0x5c0 obj\debug\spl\src\stm32f30x_rcc.o
 .debug_macro   0x0000cfca      0x1b0 obj\debug\spl\src\stm32f30x_spi.o
 .debug_macro   0x0000d17a      0x3a5 obj\debug\spl\src\stm32f30x_spi.o
 .debug_macro   0x0000d51f      0x1b3 obj\debug\spl\src\stm32f30x_usart.o
 .debug_macro   0x0000d6d2      0x35e obj\debug\spl\src\stm32f30x_usart.o
 .debug_macro   0x0000da30      0x348 obj\debug\src\ap\main.o
 .debug_macro   0x0000dd78       0x52 obj\debug\src\ap\main.o
 .debug_macro   0x0000ddca       0x35 obj\debug\src\ap\main.o
 .debug_macro   0x0000ddff       0x9c obj\debug\src\ap\main.o
 .debug_macro   0x0000de9b       0x16 obj\debug\src\ap\main.o
 .debug_macro   0x0000deb1       0x97 obj\debug\src\ap\main.o
 .debug_macro   0x0000df48      0x30d obj\debug\src\ap\main.o
 .debug_macro   0x0000e255       0xfd obj\debug\src\ap\main.o
 .debug_macro   0x0000e352       0x10 obj\debug\src\ap\main.o
 .debug_macro   0x0000e362       0x52 obj\debug\src\ap\main.o
 .debug_macro   0x0000e3b4       0x1f obj\debug\src\ap\main.o
 .debug_macro   0x0000e3d3       0x43 obj\debug\src\ap\main.o
 .debug_macro   0x0000e416       0x20 obj\debug\src\ap\main.o
 .debug_macro   0x0000e436      0x187 obj\debug\src\ap\main.o
 .debug_macro   0x0000e5bd       0x10 obj\debug\src\ap\main.o
 .debug_macro   0x0000e5cd       0x1c obj\debug\src\ap\main.o
 .debug_macro   0x0000e5e9       0x52 obj\debug\src\ap\main.o
 .debug_macro   0x0000e63b       0x40 obj\debug\src\ap\main.o
 .debug_macro   0x0000e67b       0x10 obj\debug\src\ap\main.o
 .debug_macro   0x0000e68b       0x40 obj\debug\src\ap\main.o
 .debug_macro   0x0000e6cb       0xd7 obj\debug\src\ap\main.o
 .debug_macro   0x0000e7a2       0x16 obj\debug\src\ap\main.o
 .debug_macro   0x0000e7b8      0x189 obj\debug\src\ap\main.o
 .debug_macro   0x0000e941       0x16 obj\debug\src\ap\main.o
 .debug_macro   0x0000e957       0x35 obj\debug\src\ap\main.o
 .debug_macro   0x0000e98c       0x10 obj\debug\src\ap\main.o
 .debug_macro   0x0000e99c      0x2d8 obj\debug\src\api\30010_io.o
 .debug_macro   0x0000ec74      0x316 obj\debug\src\api\ansi.o
 .debug_macro   0x0000ef8a      0x352 obj\debug\src\api\game.o
 .debug_macro   0x0000f2dc       0x16 obj\debug\src\api\game.o
 .debug_macro   0x0000f2f2       0x83 obj\debug\src\api\game.o
 .debug_macro   0x0000f375       0x16 obj\debug\src\api\game.o
 .debug_macro   0x0000f38b       0x29 obj\debug\src\api\game.o
 .debug_macro   0x0000f3b4      0x314 obj\debug\src\api\vectortrig.o
 .debug_macro   0x0000f6c8      0x19b obj\debug\src\hal\gpio.o
 .debug_macro   0x0000f863      0x309 obj\debug\src\hal\lcd.o
 .debug_macro   0x0000fb6c      0x197 obj\debug\src\hal\system_stm32f30x.o

.debug_line     0x00000000     0x56db
 .debug_line    0x00000000      0xa2e obj\debug\spl\src\stm32f30x_adc.o
 .debug_line    0x00000a2e      0x7f3 obj\debug\spl\src\stm32f30x_rcc.o
 .debug_line    0x00001221      0x744 obj\debug\spl\src\stm32f30x_spi.o
 .debug_line    0x00001965      0x87a obj\debug\spl\src\stm32f30x_usart.o
 .debug_line    0x000021df      0x6e8 obj\debug\src\ap\main.o
 .debug_line    0x000028c7      0x6f2 obj\debug\src\api\30010_io.o
 .debug_line    0x00002fb9      0x8b2 obj\debug\src\api\ansi.o
 .debug_line    0x0000386b      0x70a obj\debug\src\api\game.o
 .debug_line    0x00003f75      0x630 obj\debug\src\api\vectortrig.o
 .debug_line    0x000045a5      0x582 obj\debug\src\hal\gpio.o
 .debug_line    0x00004b27      0x654 obj\debug\src\hal\lcd.o
 .debug_line    0x0000517b      0x4a5 obj\debug\src\hal\system_stm32f30x.o
 .debug_line    0x00005620       0xbb obj\debug\src\startup_stm32f30x.o

.debug_str      0x00000000    0x58e91
 .debug_str     0x00000000    0x52c06 obj\debug\spl\src\stm32f30x_adc.o
                              0x52daa (size before relaxing)
 .debug_str     0x00052c06      0xa51 obj\debug\spl\src\stm32f30x_rcc.o
                              0x52dde (size before relaxing)
 .debug_str     0x00053657      0x4c2 obj\debug\spl\src\stm32f30x_spi.o
                              0x529bb (size before relaxing)
 .debug_str     0x00053b19      0x7e5 obj\debug\spl\src\stm32f30x_usart.o
                              0x52cb2 (size before relaxing)
 .debug_str     0x000542fe     0x41eb obj\debug\src\ap\main.o
                              0x5664c (size before relaxing)
 .debug_str     0x000584e9      0x44a obj\debug\src\api\30010_io.o
                              0x5651f (size before relaxing)
 .debug_str     0x00058933      0x11c obj\debug\src\api\ansi.o
                              0x56370 (size before relaxing)
 .debug_str     0x00058a4f      0x1c6 obj\debug\src\api\game.o
                              0x564ef (size before relaxing)
 .debug_str     0x00058c15       0x83 obj\debug\src\api\vectortrig.o
                              0x55f00 (size before relaxing)
 .debug_str     0x00058c98       0xb5 obj\debug\src\hal\gpio.o
                              0x52541 (size before relaxing)
 .debug_str     0x00058d4d       0xbd obj\debug\src\hal\lcd.o
                              0x55f28 (size before relaxing)
 .debug_str     0x00058e0a       0x87 obj\debug\src\hal\system_stm32f30x.o
                              0x52474 (size before relaxing)

.debug_frame    0x00000000     0x326c
 .debug_frame   0x00000000      0x9e4 obj\debug\spl\src\stm32f30x_adc.o
 .debug_frame   0x000009e4      0x60c obj\debug\spl\src\stm32f30x_rcc.o
 .debug_frame   0x00000ff0      0x508 obj\debug\spl\src\stm32f30x_spi.o
 .debug_frame   0x000014f8      0x7b0 obj\debug\spl\src\stm32f30x_usart.o
 .debug_frame   0x00001ca8      0x160 obj\debug\src\ap\main.o
 .debug_frame   0x00001e08      0x12c obj\debug\src\api\30010_io.o
 .debug_frame   0x00001f34      0x288 obj\debug\src\api\ansi.o
 .debug_frame   0x000021bc      0x11c obj\debug\src\api\game.o
 .debug_frame   0x000022d8      0x168 obj\debug\src\api\vectortrig.o
 .debug_frame   0x00002440      0x1c8 obj\debug\src\hal\gpio.o
 .debug_frame   0x00002608       0xec obj\debug\src\hal\lcd.o
 .debug_frame   0x000026f4       0x74 obj\debug\src\hal\system_stm32f30x.o
 .debug_frame   0x00002768       0x28 c:/program files (x86)/embitz/1.11/share/em_armgcc/bin/../lib/gcc/arm-none-eabi/5.4.1/../../../../arm-none-eabi/lib/armv7e-m\libg_n.a(lib_a-exit.o)
 .debug_frame   0x00002790       0x2c c:/program files (x86)/embitz/1.11/share/em_armgcc/bin/../lib/gcc/arm-none-eabi/5.4.1/../../../../arm-none-eabi/lib/armv7e-m\libg_n.a(lib_a-init.o)
 .debug_frame   0x000027bc       0x20 c:/program files (x86)/embitz/1.11/share/em_armgcc/bin/../lib/gcc/arm-none-eabi/5.4.1/../../../../arm-none-eabi/lib/armv7e-m\libg_n.a(lib_a-memset.o)
 .debug_frame   0x000027dc       0x74 c:/program files (x86)/embitz/1.11/share/em_armgcc/bin/../lib/gcc/arm-none-eabi/5.4.1/../../../../arm-none-eabi/lib/armv7e-m\libg_n.a(lib_a-printf.o)
 .debug_frame   0x00002850       0x58 c:/program files (x86)/embitz/1.11/share/em_armgcc/bin/../lib/gcc/arm-none-eabi/5.4.1/../../../../arm-none-eabi/lib/armv7e-m\libg_n.a(lib_a-putchar.o)
 .debug_frame   0x000028a8       0x44 c:/program files (x86)/embitz/1.11/share/em_armgcc/bin/../lib/gcc/arm-none-eabi/5.4.1/../../../../arm-none-eabi/lib/armv7e-m\libg_n.a(lib_a-rand.o)
 .debug_frame   0x000028ec       0x20 c:/program files (x86)/embitz/1.11/share/em_armgcc/bin/../lib/gcc/arm-none-eabi/5.4.1/../../../../arm-none-eabi/lib/armv7e-m\libg_n.a(lib_a-setbuf.o)
 .debug_frame   0x0000290c       0x38 c:/program files (x86)/embitz/1.11/share/em_armgcc/bin/../lib/gcc/arm-none-eabi/5.4.1/../../../../arm-none-eabi/lib/armv7e-m\libg_n.a(lib_a-setvbuf.o)
 .debug_frame   0x00002944       0x70 c:/program files (x86)/embitz/1.11/share/em_armgcc/bin/../lib/gcc/arm-none-eabi/5.4.1/../../../../arm-none-eabi/lib/armv7e-m\libg_n.a(lib_a-sprintf.o)
 .debug_frame   0x000029b4       0x40 c:/program files (x86)/embitz/1.11/share/em_armgcc/bin/../lib/gcc/arm-none-eabi/5.4.1/../../../../arm-none-eabi/lib/armv7e-m\libg_n.a(lib_a-wbuf.o)
 .debug_frame   0x000029f4       0x2c c:/program files (x86)/embitz/1.11/share/em_armgcc/bin/../lib/gcc/arm-none-eabi/5.4.1/../../../../arm-none-eabi/lib/armv7e-m\libg_n.a(lib_a-wsetup.o)
 .debug_frame   0x00002a20       0x68 c:/program files (x86)/embitz/1.11/share/em_armgcc/bin/../lib/gcc/arm-none-eabi/5.4.1/../../../../arm-none-eabi/lib/armv7e-m\libg_n.a(lib_a-fflush.o)
 .debug_frame   0x00002a88      0x11c c:/program files (x86)/embitz/1.11/share/em_armgcc/bin/../lib/gcc/arm-none-eabi/5.4.1/../../../../arm-none-eabi/lib/armv7e-m\libg_n.a(lib_a-findfp.o)
 .debug_frame   0x00002ba4       0x54 c:/program files (x86)/embitz/1.11/share/em_armgcc/bin/../lib/gcc/arm-none-eabi/5.4.1/../../../../arm-none-eabi/lib/armv7e-m\libg_n.a(lib_a-fwalk.o)
 .debug_frame   0x00002bf8       0x54 c:/program files (x86)/embitz/1.11/share/em_armgcc/bin/../lib/gcc/arm-none-eabi/5.4.1/../../../../arm-none-eabi/lib/armv7e-m\libg_n.a(lib_a-makebuf.o)
 .debug_frame   0x00002c4c       0x30 c:/program files (x86)/embitz/1.11/share/em_armgcc/bin/../lib/gcc/arm-none-eabi/5.4.1/../../../../arm-none-eabi/lib/armv7e-m\libg_n.a(lib_a-malloc.o)
 .debug_frame   0x00002c7c       0x38 c:/program files (x86)/embitz/1.11/share/em_armgcc/bin/../lib/gcc/arm-none-eabi/5.4.1/../../../../arm-none-eabi/lib/armv7e-m\libg_n.a(lib_a-nano-freer.o)
 .debug_frame   0x00002cb4       0x2c c:/program files (x86)/embitz/1.11/share/em_armgcc/bin/../lib/gcc/arm-none-eabi/5.4.1/../../../../arm-none-eabi/lib/armv7e-m\libg_n.a(lib_a-nano-mallocr.o)
 .debug_frame   0x00002ce0       0x90 c:/program files (x86)/embitz/1.11/share/em_armgcc/bin/../lib/gcc/arm-none-eabi/5.4.1/../../../../arm-none-eabi/lib/armv7e-m\libg_n.a(lib_a-nano-svfprintf.o)
 .debug_frame   0x00002d70       0xac c:/program files (x86)/embitz/1.11/share/em_armgcc/bin/../lib/gcc/arm-none-eabi/5.4.1/../../../../arm-none-eabi/lib/armv7e-m\libg_n.a(lib_a-nano-vfprintf.o)
 .debug_frame   0x00002e1c       0x60 c:/program files (x86)/embitz/1.11/share/em_armgcc/bin/../lib/gcc/arm-none-eabi/5.4.1/../../../../arm-none-eabi/lib/armv7e-m\libg_n.a(lib_a-nano-vfprintf_i.o)
 .debug_frame   0x00002e7c       0x48 c:/program files (x86)/embitz/1.11/share/em_armgcc/bin/../lib/gcc/arm-none-eabi/5.4.1/../../../../arm-none-eabi/lib/armv7e-m\libg_n.a(lib_a-putc.o)
 .debug_frame   0x00002ec4       0x2c c:/program files (x86)/embitz/1.11/share/em_armgcc/bin/../lib/gcc/arm-none-eabi/5.4.1/../../../../arm-none-eabi/lib/armv7e-m\libg_n.a(lib_a-sbrkr.o)
 .debug_frame   0x00002ef0       0x88 c:/program files (x86)/embitz/1.11/share/em_armgcc/bin/../lib/gcc/arm-none-eabi/5.4.1/../../../../arm-none-eabi/lib/armv7e-m\libg_n.a(lib_a-stdio.o)
 .debug_frame   0x00002f78       0x2c c:/program files (x86)/embitz/1.11/share/em_armgcc/bin/../lib/gcc/arm-none-eabi/5.4.1/../../../../arm-none-eabi/lib/armv7e-m\libg_n.a(lib_a-closer.o)
 .debug_frame   0x00002fa4       0x2c c:/program files (x86)/embitz/1.11/share/em_armgcc/bin/../lib/gcc/arm-none-eabi/5.4.1/../../../../arm-none-eabi/lib/armv7e-m\libg_n.a(lib_a-fstatr.o)
 .debug_frame   0x00002fd0       0x2c c:/program files (x86)/embitz/1.11/share/em_armgcc/bin/../lib/gcc/arm-none-eabi/5.4.1/../../../../arm-none-eabi/lib/armv7e-m\libg_n.a(lib_a-isattyr.o)
 .debug_frame   0x00002ffc       0x2c c:/program files (x86)/embitz/1.11/share/em_armgcc/bin/../lib/gcc/arm-none-eabi/5.4.1/../../../../arm-none-eabi/lib/armv7e-m\libg_n.a(lib_a-lseekr.o)
 .debug_frame   0x00003028       0x28 c:/program files (x86)/embitz/1.11/share/em_armgcc/bin/../lib/gcc/arm-none-eabi/5.4.1/../../../../arm-none-eabi/lib/armv7e-m\libg_n.a(lib_a-memcpy-stub.o)
 .debug_frame   0x00003050       0x28 c:/program files (x86)/embitz/1.11/share/em_armgcc/bin/../lib/gcc/arm-none-eabi/5.4.1/../../../../arm-none-eabi/lib/armv7e-m\libg_n.a(lib_a-memmove.o)
 .debug_frame   0x00003078       0x30 c:/program files (x86)/embitz/1.11/share/em_armgcc/bin/../lib/gcc/arm-none-eabi/5.4.1/../../../../arm-none-eabi/lib/armv7e-m\libg_n.a(lib_a-mlock.o)
 .debug_frame   0x000030a8       0x3c c:/program files (x86)/embitz/1.11/share/em_armgcc/bin/../lib/gcc/arm-none-eabi/5.4.1/../../../../arm-none-eabi/lib/armv7e-m\libg_n.a(lib_a-nano-reallocr.o)
 .debug_frame   0x000030e4       0x2c c:/program files (x86)/embitz/1.11/share/em_armgcc/bin/../lib/gcc/arm-none-eabi/5.4.1/../../../../arm-none-eabi/lib/armv7e-m\libg_n.a(lib_a-readr.o)
 .debug_frame   0x00003110       0x5c c:/program files (x86)/embitz/1.11/share/em_armgcc/bin/../lib/gcc/arm-none-eabi/5.4.1/../../../../arm-none-eabi/lib/armv7e-m\libg_n.a(lib_a-reent.o)
 .debug_frame   0x0000316c       0x20 c:/program files (x86)/embitz/1.11/share/em_armgcc/bin/../lib/gcc/arm-none-eabi/5.4.1/../../../../arm-none-eabi/lib/armv7e-m\libg_n.a(lib_a-nano-msizer.o)
 .debug_frame   0x0000318c       0x20 c:/program files (x86)/embitz/1.11/share/em_armgcc/bin/../lib/gcc/arm-none-eabi/5.4.1/../../../../arm-none-eabi/lib/armv7e-m\libnosys_s.a(close.o)
 .debug_frame   0x000031ac       0x20 c:/program files (x86)/embitz/1.11/share/em_armgcc/bin/../lib/gcc/arm-none-eabi/5.4.1/../../../../arm-none-eabi/lib/armv7e-m\libnosys_s.a(fstat.o)
 .debug_frame   0x000031cc       0x20 c:/program files (x86)/embitz/1.11/share/em_armgcc/bin/../lib/gcc/arm-none-eabi/5.4.1/../../../../arm-none-eabi/lib/armv7e-m\libnosys_s.a(isatty.o)
 .debug_frame   0x000031ec       0x20 c:/program files (x86)/embitz/1.11/share/em_armgcc/bin/../lib/gcc/arm-none-eabi/5.4.1/../../../../arm-none-eabi/lib/armv7e-m\libnosys_s.a(lseek.o)
 .debug_frame   0x0000320c       0x20 c:/program files (x86)/embitz/1.11/share/em_armgcc/bin/../lib/gcc/arm-none-eabi/5.4.1/../../../../arm-none-eabi/lib/armv7e-m\libnosys_s.a(read.o)
 .debug_frame   0x0000322c       0x20 c:/program files (x86)/embitz/1.11/share/em_armgcc/bin/../lib/gcc/arm-none-eabi/5.4.1/../../../../arm-none-eabi/lib/armv7e-m\libnosys_s.a(sbrk.o)
 .debug_frame   0x0000324c       0x20 c:/program files (x86)/embitz/1.11/share/em_armgcc/bin/../lib/gcc/arm-none-eabi/5.4.1/../../../../arm-none-eabi/lib/armv7e-m\libnosys_s.a(_exit.o)

.stab           0x00000000       0x84
 .stab          0x00000000       0x24 c:/program files (x86)/embitz/1.11/share/em_armgcc/bin/../lib/gcc/arm-none-eabi/5.4.1/../../../../arm-none-eabi/lib/armv7e-m\libnosys_s.a(close.o)
 .stab          0x00000024       0x18 c:/program files (x86)/embitz/1.11/share/em_armgcc/bin/../lib/gcc/arm-none-eabi/5.4.1/../../../../arm-none-eabi/lib/armv7e-m\libnosys_s.a(fstat.o)
                                 0x24 (size before relaxing)
 .stab          0x0000003c       0x18 c:/program files (x86)/embitz/1.11/share/em_armgcc/bin/../lib/gcc/arm-none-eabi/5.4.1/../../../../arm-none-eabi/lib/armv7e-m\libnosys_s.a(isatty.o)
                                 0x24 (size before relaxing)
 .stab          0x00000054       0x18 c:/program files (x86)/embitz/1.11/share/em_armgcc/bin/../lib/gcc/arm-none-eabi/5.4.1/../../../../arm-none-eabi/lib/armv7e-m\libnosys_s.a(lseek.o)
                                 0x24 (size before relaxing)
 .stab          0x0000006c       0x18 c:/program files (x86)/embitz/1.11/share/em_armgcc/bin/../lib/gcc/arm-none-eabi/5.4.1/../../../../arm-none-eabi/lib/armv7e-m\libnosys_s.a(read.o)
                                 0x24 (size before relaxing)

.stabstr        0x00000000      0x117
 .stabstr       0x00000000      0x117 c:/program files (x86)/embitz/1.11/share/em_armgcc/bin/../lib/gcc/arm-none-eabi/5.4.1/../../../../arm-none-eabi/lib/armv7e-m\libnosys_s.a(close.o)
